✔ [2719/2721] Built RamanujanChallenge.Problem27 (37s)
⚠ [2720/2721] Built RamanujanChallenge.Problem27Barnes (13s)
info: RamanujanChallenge/Problem27Barnes.lean:477:2: Try this:
  [apply] ring_nf
  
  The `ring` tactic failed to close the goal. Use `ring_nf` to obtain a normal form.
    
  Note that `ring` works primarily in *commutative* rings. If you have a noncommutative ring, abelian group or module, consider using `noncomm_ring`, `abel` or `module` instead.
info: RamanujanChallenge/Problem27Barnes.lean:515:4: Try this:
  [apply] ring_nf
  
  The `ring` tactic failed to close the goal. Use `ring_nf` to obtain a normal form.
    
  Note that `ring` works primarily in *commutative* rings. If you have a noncommutative ring, abelian group or module, consider using `noncomm_ring`, `abel` or `module` instead.
warning: RamanujanChallenge/Problem27Barnes.lean:678:67: 'simp' tactic does nothing

Note: This linter can be disabled with `set_option linter.unusedTactic false`
warning: RamanujanChallenge/Problem27Barnes.lean:678:67: this tactic is never executed

Note: This linter can be disabled with `set_option linter.unreachableTactic false`
info: RamanujanChallenge/Problem27Barnes.lean:926:66: Try this:
  [apply] ring_nf
  
  The `ring` tactic failed to close the goal. Use `ring_nf` to obtain a normal form.
    
  Note that `ring` works primarily in *commutative* rings. If you have a noncommutative ring, abelian group or module, consider using `noncomm_ring`, `abel` or `module` instead.
info: RamanujanChallenge/Problem27Barnes.lean:926:66: Try this:
  [apply] ring_nf
  
  The `ring` tactic failed to close the goal. Use `ring_nf` to obtain a normal form.
    
  Note that `ring` works primarily in *commutative* rings. If you have a noncommutative ring, abelian group or module, consider using `noncomm_ring`, `abel` or `module` instead.
warning: RamanujanChallenge/Problem27Barnes.lean:1083:70: 'simp' tactic does nothing

Note: This linter can be disabled with `set_option linter.unusedTactic false`
warning: RamanujanChallenge/Problem27Barnes.lean:1083:70: this tactic is never executed

Note: This linter can be disabled with `set_option linter.unreachableTactic false`
⚠ [2721/2721] Built RamanujanChallenge.Q6382Scratch (10s)
warning: RamanujanChallenge/Q6382Scratch.lean:144:15: 'push_cast' tactic does nothing

Note: This linter can be disabled with `set_option linter.unusedTactic false`
warning: RamanujanChallenge/Q6382Scratch.lean:238:2: try 'simp' instead of 'simpa'

Note: This linter can be disabled with `set_option linter.unnecessarySimpa false`
warning: RamanujanChallenge/Q6382Scratch.lean:313:48: Used `tac1 <;> tac2` where `(tac1; tac2)` would suffice

Note: This linter can be disabled with `set_option linter.unnecessarySeqFocus false`
warning: RamanujanChallenge/Q6382Scratch.lean:323:48: Used `tac1 <;> tac2` where `(tac1; tac2)` would suffice

Note: This linter can be disabled with `set_option linter.unnecessarySeqFocus false`
info: RamanujanChallenge/Q6382Scratch.lean:344:0: 'RamanujanChallenge.P27.Q6382.verticalIntegral_eq_of_horizontal_tendsto' depends on axioms: [propext,
 Classical.choice,
 Quot.sound]
info: RamanujanChallenge/Q6382Scratch.lean:345:0: '_private.RamanujanChallenge.Q6382Scratch.0.RamanujanChallenge.P27.Q6382.sineSlope_ne_zero_on_strip' depends on axioms: [propext,
 Classical.choice,
 Quot.sound]
info: RamanujanChallenge/Q6382Scratch.lean:346:0: '_private.RamanujanChallenge.Q6382Scratch.0.RamanujanChallenge.P27.Q6382.barnesRaw_eq_extension_of_mem_strip_of_ne' depends on axioms: [propext,
 Classical.choice,
 Quot.sound]
info: RamanujanChallenge/Q6382Scratch.lean:347:0: 'RamanujanChallenge.P27.Q6382.barnes_one_strip_shift' depends on axioms: [propext, Classical.choice, Quot.sound]
Build completed successfully (2721 jobs).
