	Command being timed: "java -Xmx12g -cp scratch/q4316/classes-extra Q4313IndependentCensus --min-q 15001 --qmax 20000 --prefixes 20000 --out scratch/q4316/results-extra"
	User time (seconds): 2683.74
	System time (seconds): 1.17
	Percent of CPU this job got: 100%
	Elapsed (wall clock) time (h:mm:ss or m:ss): 44:40.26
	Average shared text size (kbytes): 0
	Average unshared data size (kbytes): 0
	Average stack size (kbytes): 0
	Average total size (kbytes): 0
	Maximum resident set size (kbytes): 417572
	Average resident set size (kbytes): 0
	Major (requiring I/O) page faults: 1
	Minor (reclaiming a frame) page faults: 37773
	Voluntary context switches: 116982
	Involuntary context switches: 20478
	Swaps: 0
	File system inputs: 1568
	File system outputs: 3200
	Socket messages sent: 0
	Socket messages received: 0
	Signals delivered: 0
	Page size (bytes): 4096
	Exit status: 0
